// Jest Snapshot v1, https://goo.gl/fbAQLP

exports[`ViolationsCard renders correctly 1`] = `
<div
  class="card-body"
  haspadding="true"
  title="Last Three Speed Violations"
>
  
  <!-- Violations -->
  <ul
    class="violations"
  >
    
    <li
      class="violation"
    >
      <div
        class="box-row"
      >
        <!-- Violation Tilte -->
        <div
          class="main-title"
        >
          Catharijnesingel
        </div>
        <!-- Violation Badge -->
        <div
          class="badge"
        >
          <span
            class="badge-title"
          >
            11/23/2017, 15:14:17
          </span>
        </div>
      </div>
      <div
        class="box-row box-row-margin"
      >
        <!-- Left Value -->
        <div
          class="value-box"
        >
          <div
            class="value-box-title"
          >
            Speed:
          </div>
          <div
            class="value-box-margin"
          >
            52
          </div>
        </div>
        <!-- Right Value -->
        <div
          class="value-box value-box-margin"
        >
          <div
            class="value-box-title"
          >
            Allowed Speed:
          </div>
          <div
            class="value-box-margin"
          >
            45
          </div>
        </div>
      </div>
    </li>
    
  </ul>
  
</div>
`;
