// Jest Snapshot v1, https://goo.gl/fbAQLP

exports[`ViolationCard renders correctly 1`] = `
<div
  badge="11/23/2017, 15:14:17"
  class="card-body"
  haspadding="true"
  lefttitle="Speed"
  leftvalue="52"
  maintitle="Catharijnesingel"
  righttitle="Allowed Speed"
  rightvalue="45"
>
  
  <!-- Violations -->
  
  <!-- Empty -->
  <div
    class="empty-box"
  >
    No Violation!
  </div>
  
  
</div>
`;
